(version='dml0test')
(version='dml1test')
(rows inserted=1)
('inner'='inner', s='1')
('inner'='inner', s='2')
('inner'='inner', s='3')
('inner'='inner', s='4')
('inner'='inner', s='5')
('inner'='inner', s='6')
('inner'='inner', s='7')
('inner'='inner', s='8')
('inner'='inner', s='9')
('inner'='inner', s='10')
('inner'='inner', s='11')
('inner'='inner', s='12')
('inner'='inner', s='13')
('inner'='inner', s='14')
('inner'='inner', s='15')
('inner'='inner', s='16')
('inner'='inner', s='17')
('inner'='inner', s='18')
('inner'='inner', s='19')
('inner'='inner', s='20')
('inner'='inner', s='21')
('inner'='inner', s='22')
('inner'='inner', s='23')
('inner'='inner', s='24')
('inner'='inner', s='25')
('inner'='inner', s='26')
('inner'='inner', s='27')
('inner'='inner', s='28')
('inner'='inner', s='29')
('inner'='inner', s='30')
('inner'='inner', s='31')
('inner'='inner', s='32')
('inner'='inner', s='33')
('inner'='inner', s='34')
('inner'='inner', s='35')
('inner'='inner', s='36')
('inner'='inner', s='37')
('inner'='inner', s='38')
('inner'='inner', s='39')
('inner'='inner', s='40')
('inner'='inner', s='41')
('inner'='inner', s='42')
('inner'='inner', s='43')
('inner'='inner', s='44')
('inner'='inner', s='45')
('inner'='inner', s='46')
('inner'='inner', s='47')
('inner'='inner', s='48')
('inner'='inner', s='49')
('inner'='inner', s='50')
('inner'='inner', s='51')
('inner'='inner', s='52')
('inner'='inner', s='53')
('inner'='inner', s='54')
('inner'='inner', s='55')
('inner'='inner', s='56')
('inner'='inner', s='57')
('inner'='inner', s='58')
('inner'='inner', s='59')
('inner'='inner', s='60')
('inner'='inner', s='61')
('inner'='inner', s='62')
('inner'='inner', s='63')
('inner'='inner', s='64')
('inner'='inner', s='65')
('inner'='inner', s='66')
('inner'='inner', s='67')
('inner'='inner', s='68')
('inner'='inner', s='69')
('inner'='inner', s='70')
('inner'='inner', s='71')
('inner'='inner', s='72')
('inner'='inner', s='73')
('inner'='inner', s='74')
('inner'='inner', s='75')
('inner'='inner', s='76')
('inner'='inner', s='77')
('inner'='inner', s='78')
('inner'='inner', s='79')
('inner'='inner', s='80')
('inner'='inner', s='81')
('inner'='inner', s='82')
('inner'='inner', s='83')
('inner'='inner', s='84')
('inner'='inner', s='85')
('inner'='inner', s='86')
('inner'='inner', s='87')
('inner'='inner', s='88')
('inner'='inner', s='89')
('inner'='inner', s='90')
('inner'='inner', s='91')
('inner'='inner', s='92')
('inner'='inner', s='93')
('inner'='inner', s='94')
('inner'='inner', s='95')
('inner'='inner', s='96')
('inner'='inner', s='97')
('inner'='inner', s='98')
('inner'='inner', s='99')
(count(*)=199)
('post'='post', s='outer t1')
('post'='post', s='1')
('post'='post', s='2')
('post'='post', s='3')
('post'='post', s='4')
('post'='post', s='5')
('post'='post', s='6')
('post'='post', s='7')
('post'='post', s='8')
('post'='post', s='9')
('post'='post', s='10')
('post'='post', s='11')
('post'='post', s='12')
('post'='post', s='13')
('post'='post', s='14')
('post'='post', s='15')
('post'='post', s='16')
('post'='post', s='17')
('post'='post', s='18')
('post'='post', s='19')
('post'='post', s='20')
('post'='post', s='21')
('post'='post', s='22')
('post'='post', s='23')
('post'='post', s='24')
('post'='post', s='25')
('post'='post', s='26')
('post'='post', s='27')
('post'='post', s='28')
('post'='post', s='29')
('post'='post', s='30')
('post'='post', s='31')
('post'='post', s='32')
('post'='post', s='33')
('post'='post', s='34')
('post'='post', s='35')
('post'='post', s='36')
('post'='post', s='37')
('post'='post', s='38')
('post'='post', s='39')
('post'='post', s='40')
('post'='post', s='41')
('post'='post', s='42')
('post'='post', s='43')
('post'='post', s='44')
('post'='post', s='45')
('post'='post', s='46')
('post'='post', s='47')
('post'='post', s='48')
('post'='post', s='49')
('post'='post', s='50')
('post'='post', s='51')
('post'='post', s='52')
('post'='post', s='53')
('post'='post', s='54')
('post'='post', s='55')
('post'='post', s='56')
('post'='post', s='57')
('post'='post', s='58')
('post'='post', s='59')
('post'='post', s='60')
('post'='post', s='61')
('post'='post', s='62')
('post'='post', s='63')
('post'='post', s='64')
('post'='post', s='65')
('post'='post', s='66')
('post'='post', s='67')
('post'='post', s='68')
('post'='post', s='69')
('post'='post', s='70')
('post'='post', s='71')
('post'='post', s='72')
('post'='post', s='73')
('post'='post', s='74')
('post'='post', s='75')
('post'='post', s='76')
('post'='post', s='77')
('post'='post', s='78')
('post'='post', s='79')
('post'='post', s='80')
('post'='post', s='81')
('post'='post', s='82')
('post'='post', s='83')
('post'='post', s='84')
('post'='post', s='85')
('post'='post', s='86')
('post'='post', s='87')
('post'='post', s='88')
('post'='post', s='89')
('post'='post', s='90')
('post'='post', s='91')
('post'='post', s='92')
('post'='post', s='93')
('post'='post', s='94')
('post'='post', s='95')
('post'='post', s='96')
('post'='post', s='97')
('post'='post', s='98')
('post'='post', s='99')
(queuename='__qdml0', depth=0)
(queuename='__qdml1', depth=0)
